2026-05-20T06:59:44.409-04:00  WARN 29068 --- [auth-service] [HikariPool-1 housekeeper] com.zaxxer.hikari.pool.HikariPool        : HikariPool-1 - Thread starvation or clock leap detected (housekeeper delta=5h32m4s801ms340µs600ns).
2026-05-20T11:27:13.277-04:00  INFO 29068 --- [auth-service] [SpringApplicationShutdownHook] j.LocalContainerEntityManagerFactoryBean : Closing JPA EntityManagerFactory for persistence unit 'default'
2026-05-20T11:27:13.285-04:00  INFO 29068 --- [auth-service] [SpringApplicationShutdownHook] com.zaxxer.hikari.HikariDataSource       : HikariPool-1 - Shutdown initiated...
2026-05-20T11:27:13.290-04:00  INFO 29068 --- [auth-service] [SpringApplicationShutdownHook] com.zaxxer.hikari.HikariDataSource       : HikariPool-1 - Shutdown completed.
2026-05-20T11:28:06.403-04:00  INFO 66020 --- [auth-service] [main] c.bookstore.auth.AuthServiceApplication  : Starting AuthServiceApplication using Java 17.0.12 with PID 66020 (C:\_Dev\java\ibmbob\bookonline5\backend\auth-service\target\classes started by Huy in C:\_Dev\java\ibmbob\bookonline5\backend\auth-service)
2026-05-20T11:28:06.406-04:00  INFO 66020 --- [auth-service] [main] c.bookstore.auth.AuthServiceApplication  : No active profile set, falling back to 1 default profile: "default"
2026-05-20T11:28:06.861-04:00  INFO 66020 --- [auth-service] [main] .s.d.r.c.RepositoryConfigurationDelegate : Bootstrapping Spring Data JPA repositories in DEFAULT mode.
2026-05-20T11:28:06.895-04:00  INFO 66020 --- [auth-service] [main] .s.d.r.c.RepositoryConfigurationDelegate : Finished Spring Data repository scanning in 28 ms. Found 2 JPA repository interfaces.
2026-05-20T11:28:07.760-04:00  INFO 66020 --- [auth-service] [main] o.s.b.w.embedded.tomcat.TomcatWebServer  : Tomcat initialized with port 8086 (http)
2026-05-20T11:28:07.769-04:00  INFO 66020 --- [auth-service] [main] o.apache.catalina.core.StandardService   : Starting service [Tomcat]
2026-05-20T11:28:07.769-04:00  INFO 66020 --- [auth-service] [main] o.apache.catalina.core.StandardEngine    : Starting Servlet engine: [Apache Tomcat/10.1.20]
2026-05-20T11:28:07.833-04:00  INFO 66020 --- [auth-service] [main] o.a.c.c.C.[Tomcat].[localhost].[/]       : Initializing Spring embedded WebApplicationContext
2026-05-20T11:28:07.833-04:00  INFO 66020 --- [auth-service] [main] w.s.c.ServletWebServerApplicationContext : Root WebApplicationContext: initialization completed in 1384 ms
2026-05-20T11:28:08.077-04:00  INFO 66020 --- [auth-service] [main] o.hibernate.jpa.internal.util.LogHelper  : HHH000204: Processing PersistenceUnitInfo [name: default]
2026-05-20T11:28:08.132-04:00  INFO 66020 --- [auth-service] [main] org.hibernate.Version                    : HHH000412: Hibernate ORM core version 6.4.4.Final
2026-05-20T11:28:08.160-04:00  INFO 66020 --- [auth-service] [main] o.h.c.internal.RegionFactoryInitiator    : HHH000026: Second-level cache disabled
2026-05-20T11:28:08.348-04:00  INFO 66020 --- [auth-service] [main] o.s.o.j.p.SpringPersistenceUnitInfo      : No LoadTimeWeaver setup: ignoring JPA class transformer
2026-05-20T11:28:08.372-04:00  INFO 66020 --- [auth-service] [main] com.zaxxer.hikari.HikariDataSource       : HikariPool-1 - Starting...
2026-05-20T11:28:08.487-04:00  INFO 66020 --- [auth-service] [main] com.zaxxer.hikari.pool.HikariPool        : HikariPool-1 - Added connection org.postgresql.jdbc.PgConnection@e993715
2026-05-20T11:28:08.488-04:00  INFO 66020 --- [auth-service] [main] com.zaxxer.hikari.HikariDataSource       : HikariPool-1 - Start completed.
2026-05-20T11:28:09.316-04:00  INFO 66020 --- [auth-service] [main] o.h.e.t.j.p.i.JtaPlatformInitiator       : HHH000489: No JTA platform available (set 'hibernate.transaction.jta.platform' to enable JTA platform integration)
2026-05-20T11:28:09.603-04:00  INFO 66020 --- [auth-service] [main] j.LocalContainerEntityManagerFactoryBean : Initialized JPA EntityManagerFactory for persistence unit 'default'
2026-05-20T11:28:09.974-04:00  WARN 66020 --- [auth-service] [main] JpaBaseConfiguration$JpaWebConfiguration : spring.jpa.open-in-view is enabled by default. Therefore, database queries may be performed during view rendering. Explicitly configure spring.jpa.open-in-view to disable this warning
2026-05-20T11:28:10.383-04:00  INFO 66020 --- [auth-service] [main] o.s.b.a.e.web.EndpointLinksResolver      : Exposing 14 endpoint(s) beneath base path '/actuator'
2026-05-20T11:28:10.462-04:00  INFO 66020 --- [auth-service] [main] o.s.s.web.DefaultSecurityFilterChain     : Will secure any request with [org.springframework.security.web.session.DisableEncodeUrlFilter@1b26f006, org.springframework.security.web.context.request.async.WebAsyncManagerIntegrationFilter@38a6ca39, org.springframework.security.web.context.SecurityContextHolderFilter@51aa8c0f, org.springframework.security.web.header.HeaderWriterFilter@87276c4, org.springframework.web.filter.CorsFilter@797dd7ef, org.springframework.security.web.authentication.logout.LogoutFilter@27381497, org.springframework.security.web.savedrequest.RequestCacheAwareFilter@66e5441e, org.springframework.security.web.servletapi.SecurityContextHolderAwareRequestFilter@359b4846, org.springframework.security.web.authentication.AnonymousAuthenticationFilter@ece7204, org.springframework.security.web.session.SessionManagementFilter@c925ae1, org.springframework.security.web.access.ExceptionTranslationFilter@70c2a046, org.springframework.security.web.access.intercept.AuthorizationFilter@b89cbf9]
2026-05-20T11:28:10.799-04:00  INFO 66020 --- [auth-service] [main] o.s.b.w.embedded.tomcat.TomcatWebServer  : Tomcat started on port 8086 (http) with context path ''
2026-05-20T11:28:10.812-04:00  INFO 66020 --- [auth-service] [main] c.bookstore.auth.AuthServiceApplication  : Started AuthServiceApplication in 4.799 seconds (process running for 5.119)
